app/(auth)/login/page.tsx(6,18): error TS2724: '"lucide-react"' has no exported member named 'Chrome'. Did you mean 'Home'?
app/api/auth/login/route.ts(21,15): error TS2339: Property 'set' does not exist on type 'Promise<ReadonlyRequestCookies>'.
app/api/auth/logout/route.ts(7,37): error TS2339: Property 'get' does not exist on type 'Promise<ReadonlyRequestCookies>'.
app/api/auth/logout/route.ts(22,15): error TS2339: Property 'delete' does not exist on type 'Promise<ReadonlyRequestCookies>'.
app/api/classify/route.ts(4,10): error TS2305: Module '"@/types"' has no exported member 'ClassifyParams'.
app/api/scan/[assetId]/route.ts(39,54): error TS2345: Argument of type 'string | undefined' is not assignable to parameter of type 'string | ImprovedRequest | Buffer<ArrayBufferLike>'.
  Type 'undefined' is not assignable to type 'string | ImprovedRequest | Buffer<ArrayBufferLike>'.
app/api/scan/[assetId]/route.ts(54,11): error TS2353: Object literal may only specify known properties, and 'id' does not exist in type 'Violation'.
app/api/scan/[assetId]/route.ts(65,23): error TS2345: Argument of type 'IWebImage[] | null | undefined' is not assignable to parameter of type 'any[]'.
  Type 'undefined' is not assignable to type 'any[]'.
app/api/scan/[assetId]/route.ts(66,23): error TS2345: Argument of type 'IWebImage[] | null | undefined' is not assignable to parameter of type 'any[]'.
  Type 'undefined' is not assignable to type 'any[]'.
app/api/scan/[assetId]/route.ts(77,98): error TS2551: Property 'matchUrl' does not exist on type 'Violation'. Did you mean 'match_url'?
app/api/scan/[assetId]/route.ts(78,101): error TS2551: Property 'matchUrl' does not exist on type 'Violation'. Did you mean 'match_url'?
app/api/scan/[assetId]/route.ts(81,19): error TS2339: Property 'pageTitle' does not exist on type 'Violation'.
app/api/scan/[assetId]/route.ts(84,70): error TS2339: Property 'id' does not exist on type 'Violation'.
app/api/scan/[assetId]/route.ts(95,36): error TS2339: Property 'id' does not exist on type 'Violation'.
app/api/scan/[assetId]/route.ts(96,33): error TS2551: Property 'matchUrl' does not exist on type 'Violation'. Did you mean 'match_url'?
app/api/scan/[assetId]/route.ts(97,34): error TS2339: Property 'pageTitle' does not exist on type 'Violation'.
app/api/scan/[assetId]/route.ts(98,36): error TS2551: Property 'rightsTier' does not exist on type 'Asset'. Did you mean 'rights_tier'?
app/api/scan/[assetId]/route.ts(99,29): error TS2551: Property 'ownerOrg' does not exist on type 'Asset'. Did you mean 'owner_org'?
app/api/scan/[assetId]/route.ts(100,34): error TS2551: Property 'matchType' does not exist on type 'Violation'. Did you mean 'match_type'?
app/api/scan/[assetId]/route.ts(102,86): error TS2339: Property 'id' does not exist on type 'Violation'.
